// Vitest Snapshot v1, https://vitest.dev/guide/snapshot.html

exports[`App component > should render app 1`] = `
<div>
  <div
    class="App"
  >
    <div
      class="landingPage"
    >
      <header
        class="header"
      >
        <h2>
          ET
        </h2>
        <nav
          class="headerNav"
        >
          <a>
            About
          </a>
          <a>
            Projects
          </a>
          <a>
            Contact
          </a>
        </nav>
      </header>
      <div
        class="landingSection"
      >
        <h1>
          Eddie
          <br />
          Thiiru
        </h1>
        <p>
          Full Stack
          <br />
          Developer
        </p>
      </div>
    </div>
    <section
      class="aboutSection"
    >
      <h2>
        -About
      </h2>
      <p>
        Hello, I am Eddie, a passionate full stack web developer who loves solving problems and delivering high quality products.
      </p>
      <div
        class="technologiesGrid"
      >
        <div>
          <img
            alt=""
            src=""
          />
          <p>
            HTML
          </p>
        </div>
        <div>
          <img
            alt=""
            src=""
          />
          <p>
            React
          </p>
        </div>
        <div>
          <img
            alt=""
            src=""
          />
          <p>
            Vitest
          </p>
        </div>
        <div>
          <img
            alt=""
            src=""
          />
          <p>
            CSS
          </p>
        </div>
        <div>
          <img
            alt=""
            src=""
          />
          <p>
            Express.js
          </p>
        </div>
        <div>
          <img
            alt=""
            src=""
          />
          <p>
            Git
          </p>
        </div>
        <div>
          <img
            alt=""
            src=""
          />
          <p>
            javaScript
          </p>
        </div>
        <div>
          <img
            alt=""
            src=""
          />
          <p>
            Node.js
          </p>
        </div>
        <div>
          <img
            alt=""
            src=""
          />
          <p>
            npm
          </p>
        </div>
      </div>
    </section>
    <section
      class="projectsSection"
    >
      <h2>
        -Projects
      </h2>
      <div
        class="projectCard"
      >
        <header
          class="projectHeader"
        >
          <div>
            <h3>
              cvBuilder
            </h3>
            <p>
              Online CV builder app
            </p>
          </div>
          <nav
            class="projectLinks"
          >
            <a
              href="https://eddie-thiiru-cvbuilder.netlify.app/"
            >
              Live Site
            </a>
            <a
              href=""
            >
              Github
            </a>
          </nav>
        </header>
        <div
          class="projectImgWrapper"
        >
          <img
            alt=""
            src=""
          />
        </div>
      </div>
      <div
        class="projectCard"
      >
        <header
          class="projectHeader"
        >
          <div>
            <h3>
              cvBuilder
            </h3>
            <p>
              Online CV builder app
            </p>
          </div>
          <nav
            class="projectLinks"
          >
            <a
              href="https://eddie-thiiru-cvbuilder.netlify.app/"
            >
              Live Site
            </a>
            <a
              href=""
            >
              Github
            </a>
          </nav>
        </header>
        <div
          class="projectImgWrapper"
        >
          <img
            alt=""
            src=""
          />
        </div>
      </div>
      <div
        class="projectCard"
      >
        <header
          class="projectHeader"
        >
          <div>
            <h3>
              cvBuilder
            </h3>
            <p>
              Online CV builder app
            </p>
          </div>
          <nav
            class="projectLinks"
          >
            <a
              href="https://eddie-thiiru-cvbuilder.netlify.app/"
            >
              Live Site
            </a>
            <a
              href=""
            >
              Github
            </a>
          </nav>
        </header>
        <div
          class="projectImgWrapper"
        >
          <img
            alt=""
            src=""
          />
        </div>
      </div>
      <a
        href=""
      >
        Explore more
      </a>
    </section>
    <footer
      class="contactSection"
    >
      <div
        class="footerOne"
      >
        <div
          class="emailWrapper"
        >
          <h2>
            Let's
            <br />
            Connect
          </h2>
          <p>
            eddiewachaga6@gmail.com
          </p>
        </div>
        <div
          class="formWrapper"
        >
          <form>
            <label>
              Your name:
              <input
                type="text"
              />
            </label>
            <label>
              Your email address:
              <input
                type="email"
              />
            </label>
            <label>
              Your message:
              <input
                type="text"
              />
            </label>
            <button
              class="msgBtn"
              type="submit"
            >
              Send
            </button>
          </form>
        </div>
      </div>
      <div
        class="footerTwo"
      >
        <nav
          class="socialLinks"
        >
          <a>
            <img
              alt=""
              src=""
            />
          </a>
          <a>
            <img
              alt=""
              src=""
            />
          </a>
          <a>
            <img
              alt=""
              src=""
            />
          </a>
        </nav>
        <p>
          copyright
        </p>
      </div>
    </footer>
  </div>
</div>
`;
